
shetk@DESKTOP-HV039Q0 MINGW64 ~/Desktop/Learning Git
$ git init
Initialized empty Git repository in C:/Users/shetk/Desktop/Learning Git/.git/

shetk@DESKTOP-HV039Q0 MINGW64 ~/Desktop/Learning Git (master)
$ git --config username "ResonaHub"
unknown option: --config
usage: git [--version] [--help] [-C <path>] [-c <name>=<value>]
           [--exec-path[=<path>]] [--html-path] [--man-path] [--info-path]
           [-p | --paginate | -P | --no-pager] [--no-replace-objects] [--bare]
           [--git-dir=<path>] [--work-tree=<path>] [--namespace=<name>]
           <command> [<args>]

shetk@DESKTOP-HV039Q0 MINGW64 ~/Desktop/Learning Git (master)
$ git --config username "andhalkark@gmail.com"
unknown option: --config
usage: git [--version] [--help] [-C <path>] [-c <name>=<value>]
           [--exec-path[=<path>]] [--html-path] [--man-path] [--info-path]
           [-p | --paginate | -P | --no-pager] [--no-replace-objects] [--bare]
           [--git-dir=<path>] [--work-tree=<path>] [--namespace=<name>]
           <command> [<args>]

shetk@DESKTOP-HV039Q0 MINGW64 ~/Desktop/Learning Git (master)
$ git config --global username "ResonaHub"
error: key does not contain a section: username

shetk@DESKTOP-HV039Q0 MINGW64 ~/Desktop/Learning Git (master)
$ git config --global user.name "ResonaHub"

shetk@DESKTOP-HV039Q0 MINGW64 ~/Desktop/Learning Git (master)
$ git config --global user.email "andhalkark@gmail.com"

shetk@DESKTOP-HV039Q0 MINGW64 ~/Desktop/Learning Git (master)
$ git remote add origin https://github.com/ResonaHub/Git_Test_learn.git

shetk@DESKTOP-HV039Q0 MINGW64 ~/Desktop/Learning Git (master)
$ git remote -v
origin  https://github.com/ResonaHub/Git_Test_learn.git (fetch)
origin  https://github.com/ResonaHub/Git_Test_learn.git (push)

shetk@DESKTOP-HV039Q0 MINGW64 ~/Desktop/Learning Git (master)
$ git status
On branch master

No commits yet

Untracked files:
  (use "git add <file>..." to include in what will be committed)
        GitTest.txt

nothing added to commit but untracked files present (use "git add" to track)

shetk@DESKTOP-HV039Q0 MINGW64 ~/Desktop/Learning Git (master)
$ git add GitTest.txt

shetk@DESKTOP-HV039Q0 MINGW64 ~/Desktop/Learning Git (master)
$ git status
On branch master

No commits yet

Changes to be committed:
  (use "git rm --cached <file>..." to unstage)
        new file:   GitTest.txt


shetk@DESKTOP-HV039Q0 MINGW64 ~/Desktop/Learning Git (master)
$ git commit -m "This is my first commit"
[master (root-commit) 206b505] This is my first commit
 1 file changed, 1 insertion(+)
 create mode 100644 GitTest.txt

shetk@DESKTOP-HV039Q0 MINGW64 ~/Desktop/Learning Git (master)
$ git status
On branch master
nothing to commit, working tree clean

shetk@DESKTOP-HV039Q0 MINGW64 ~/Desktop/Learning Git (master)
$ git push origin master
Enumerating objects: 3, done.
Counting objects: 100% (3/3), done.
Writing objects: 100% (3/3), 244 bytes | 122.00 KiB/s, done.
Total 3 (delta 0), reused 0 (delta 0), pack-reused 0
To https://github.com/ResonaHub/Git_Test_learn.git
 * [new branch]      master -> master

shetk@DESKTOP-HV039Q0 MINGW64 ~/Desktop/Learning Git (master)
$
